╭─ OPPi retained scrollback (foundation) ─
```diff
+ add
- del
```
tool oppi:write_file started (write-1)
tool oppi:write_file → ok
{"outputPath":"docs/native-shell-dogfood.md…
artifact: docs/native-shell-dogfood.md
artifact artifact-image-1 created: output/i…
├─ docks ─
todos: 50-14:InProgress | 50-15:Pending
approval: approval-1 pending for write-1 — …
question: Choose path — /answer <text-or-op…
background: 1 running, 1 completed; latest=…
suggestion: Run snapshots
status: role=executor model=mock-scripted p…
╰─ line-mode fallback remains available ─
